// Jest Snapshot v1, https://goo.gl/fbAQLP

exports[`VCard should match a snapshot 1`] = `
<div class="v-card v-theme--light v-card--density-default v-card--variant-contained">
</div>
`;

exports[`VCard should render slots and match a snapshot 1`] = `
<div class="v-card v-theme--light v-card--density-default v-card--variant-contained">
  <div class="v-card-img">
    <v-img src="foo.png">
    </v-img>
  </div>
  <div class="v-card-media">
    <div>
      bar
    </div>
  </div>
  <div class="v-card-header">
    <div class="v-card-avatar">
      <div>
        foobar
      </div>
    </div>
    <div class="v-card-header-text">
      <div class="v-card-title">
        <div>
          fizzbuzz
        </div>
      </div>
      <div class="v-card-subtitle">
        <div>
          fizz
        </div>
      </div>
    </div>
    <div class="v-card-avatar">
      <div>
        foo
      </div>
    </div>
  </div>
  <div class="v-card-text">
    <div>
      buzz
    </div>
  </div>
  <div class="v-card-actions">
    <div>
      actions
    </div>
  </div>
</div>
`;
