// Jest Snapshot v1, https://goo.gl/fbAQLP

exports[`VCard.vue should render a card with custom height 1`] = `

<div class="card"
     style="height: 400px;"
     data-ripple="false"
>
</div>

`;

exports[`VCard.vue should render a flat card 1`] = `

<div class="card card--flat"
     style="height: auto;"
     data-ripple="false"
>
</div>

`;

exports[`VCard.vue should render a raised card 1`] = `

<div class="card card--raised"
     style="height: auto;"
     data-ripple="false"
>
</div>

`;

exports[`VCard.vue should render a tile card 1`] = `

<div class="card card--tile"
     style="height: auto;"
     data-ripple="false"
>
</div>

`;

exports[`VCard.vue should render a tile card 2`] = `

<div class="card card--tile"
     style="height: auto;"
     data-ripple="false"
>
</div>

`;

exports[`VCard.vue should render card with img 1`] = `

<div class="card"
     style="height: auto;"
     data-ripple="false"
>
</div>

`;

exports[`VCard.vue should render component and match snapshot 1`] = `

<div class="card"
     style="height: auto;"
     data-ripple="false"
>
</div>

`;
