// Jest Snapshot v1, https://goo.gl/fbAQLP

exports[`VAvatar should match a snapshot 1`] = `
<div class="v-avatar v-avatar--size-default">
</div>
`;
