// Jest Snapshot v1, https://goo.gl/fbAQLP

exports[`VDatePickerDateTable.js should match snapshot with first day of week 1`] = `

<div class="date-picker-table date-picker-table--date">
  <table>
    <thead>
      <tr>
        <th>
          T
        </th>
        <th>
          W
        </th>
        <th>
          T
        </th>
        <th>
          F
        </th>
        <th>
          S
        </th>
        <th>
          S
        </th>
        <th>
          M
        </th>
      </tr>
    </thead>
    <tbody>
      <tr>
        <td>
        </td>
        <td>
        </td>
        <td>
        </td>
        <td>
        </td>
        <td>
        </td>
        <td>
          <button type="button"
                  class="btn btn--flat btn--floating"
          >
            <div class="btn__content">
              1
            </div>
          </button>
        </td>
        <td>
          <button type="button"
                  class="btn btn--flat btn--floating"
          >
            <div class="btn__content">
              2
            </div>
          </button>
        </td>
      </tr>
      <tr>
        <td>
          <button type="button"
                  class="btn btn--flat btn--floating"
          >
            <div class="btn__content">
              3
            </div>
          </button>
        </td>
        <td>
          <button type="button"
                  class="btn btn--flat btn--floating"
          >
            <div class="btn__content">
              4
            </div>
          </button>
        </td>
        <td>
          <button type="button"
                  class="btn btn--flat btn--floating"
          >
            <div class="btn__content">
              5
            </div>
          </button>
        </td>
        <td>
          <button type="button"
                  class="btn btn--flat btn--floating"
          >
            <div class="btn__content">
              6
            </div>
          </button>
        </td>
        <td>
          <button type="button"
                  class="btn btn--flat btn--floating"
          >
            <div class="btn__content">
              7
            </div>
          </button>
        </td>
        <td>
          <button type="button"
                  class="btn btn--flat btn--floating"
          >
            <div class="btn__content">
              8
            </div>
          </button>
        </td>
        <td>
          <button type="button"
                  class="btn btn--flat btn--floating"
          >
            <div class="btn__content">
              9
            </div>
          </button>
        </td>
      </tr>
      <tr>
        <td>
          <button type="button"
                  class="btn btn--flat btn--floating"
          >
            <div class="btn__content">
              10
            </div>
          </button>
        </td>
        <td>
          <button type="button"
                  class="btn btn--flat btn--floating"
          >
            <div class="btn__content">
              11
            </div>
          </button>
        </td>
        <td>
          <button type="button"
                  class="btn btn--flat btn--floating"
          >
            <div class="btn__content">
              12
            </div>
          </button>
        </td>
        <td>
          <button type="button"
                  class="btn btn--flat btn--floating"
          >
            <div class="btn__content">
              13
            </div>
          </button>
        </td>
        <td>
          <button type="button"
                  class="btn btn--flat btn--floating"
          >
            <div class="btn__content">
              14
            </div>
          </button>
        </td>
        <td>
          <button type="button"
                  class="btn btn--flat btn--floating"
          >
            <div class="btn__content">
              15
            </div>
          </button>
        </td>
        <td>
          <button type="button"
                  class="btn btn--flat btn--floating"
          >
            <div class="btn__content">
              16
            </div>
          </button>
        </td>
      </tr>
      <tr>
        <td>
          <button type="button"
                  class="btn btn--flat btn--floating"
          >
            <div class="btn__content">
              17
            </div>
          </button>
        </td>
        <td>
          <button type="button"
                  class="btn btn--flat btn--floating"
          >
            <div class="btn__content">
              18
            </div>
          </button>
        </td>
        <td>
          <button type="button"
                  class="btn btn--flat btn--floating"
          >
            <div class="btn__content">
              19
            </div>
          </button>
        </td>
        <td>
          <button type="button"
                  class="btn btn--flat btn--floating"
          >
            <div class="btn__content">
              20
            </div>
          </button>
        </td>
        <td>
          <button type="button"
                  class="btn btn--flat btn--floating"
          >
            <div class="btn__content">
              21
            </div>
          </button>
        </td>
        <td>
          <button type="button"
                  class="btn btn--flat btn--floating"
          >
            <div class="btn__content">
              22
            </div>
          </button>
        </td>
        <td>
          <button type="button"
                  class="btn btn--flat btn--floating"
          >
            <div class="btn__content">
              23
            </div>
          </button>
        </td>
      </tr>
      <tr>
        <td>
          <button type="button"
                  class="btn btn--flat btn--floating"
          >
            <div class="btn__content">
              24
            </div>
          </button>
        </td>
        <td>
          <button type="button"
                  class="btn btn--flat btn--floating"
          >
            <div class="btn__content">
              25
            </div>
          </button>
        </td>
        <td>
          <button type="button"
                  class="btn btn--flat btn--floating"
          >
            <div class="btn__content">
              26
            </div>
          </button>
        </td>
        <td>
          <button type="button"
                  class="btn btn--flat btn--floating"
          >
            <div class="btn__content">
              27
            </div>
          </button>
        </td>
        <td>
          <button type="button"
                  class="btn btn--flat btn--floating"
          >
            <div class="btn__content">
              28
            </div>
          </button>
        </td>
        <td>
          <button type="button"
                  class="btn btn--flat btn--floating"
          >
            <div class="btn__content">
              29
            </div>
          </button>
        </td>
        <td>
          <button type="button"
                  class="btn btn--flat btn--floating"
          >
            <div class="btn__content">
              30
            </div>
          </button>
        </td>
      </tr>
      <tr>
        <td>
          <button type="button"
                  class="btn btn--flat btn--floating"
          >
            <div class="btn__content">
              31
            </div>
          </button>
        </td>
      </tr>
    </tbody>
  </table>
</div>

`;

exports[`VDatePickerDateTable.js should render component and match snapshot 1`] = `

<div class="date-picker-table date-picker-table--date">
  <table>
    <thead>
      <tr>
        <th>
          S
        </th>
        <th>
          M
        </th>
        <th>
          T
        </th>
        <th>
          W
        </th>
        <th>
          T
        </th>
        <th>
          F
        </th>
        <th>
          S
        </th>
      </tr>
    </thead>
    <tbody>
      <tr>
        <td>
          <button type="button"
                  class="btn btn--flat btn--floating"
          >
            <div class="btn__content">
              1
            </div>
          </button>
        </td>
        <td>
          <button type="button"
                  class="btn btn--flat btn--floating"
          >
            <div class="btn__content">
              2
            </div>
          </button>
        </td>
        <td>
          <button type="button"
                  class="btn btn--flat btn--floating"
          >
            <div class="btn__content">
              3
            </div>
          </button>
        </td>
        <td>
          <button type="button"
                  class="btn btn--flat btn--floating"
          >
            <div class="btn__content">
              4
            </div>
          </button>
        </td>
        <td>
          <button type="button"
                  class="btn btn--flat btn--floating"
          >
            <div class="btn__content">
              5
            </div>
          </button>
        </td>
        <td>
          <button type="button"
                  class="btn btn--flat btn--floating"
          >
            <div class="btn__content">
              6
            </div>
          </button>
        </td>
        <td>
          <button type="button"
                  class="btn btn--flat btn--floating"
          >
            <div class="btn__content">
              7
            </div>
          </button>
        </td>
      </tr>
      <tr>
        <td>
          <button type="button"
                  class="btn btn--flat btn--floating"
          >
            <div class="btn__content">
              8
            </div>
          </button>
        </td>
        <td>
          <button type="button"
                  class="btn btn--flat btn--floating"
          >
            <div class="btn__content">
              9
            </div>
          </button>
        </td>
        <td>
          <button type="button"
                  class="btn btn--flat btn--floating"
          >
            <div class="btn__content">
              10
            </div>
          </button>
        </td>
        <td>
          <button type="button"
                  class="btn btn--flat btn--floating"
          >
            <div class="btn__content">
              11
            </div>
          </button>
        </td>
        <td>
          <button type="button"
                  class="btn btn--flat btn--floating"
          >
            <div class="btn__content">
              12
            </div>
          </button>
        </td>
        <td>
          <button type="button"
                  class="btn btn--flat btn--floating"
          >
            <div class="btn__content">
              13
            </div>
          </button>
        </td>
        <td>
          <button type="button"
                  class="btn btn--flat btn--floating"
          >
            <div class="btn__content">
              14
            </div>
          </button>
        </td>
      </tr>
      <tr>
        <td>
          <button type="button"
                  class="btn btn--flat btn--floating"
          >
            <div class="btn__content">
              15
            </div>
          </button>
        </td>
        <td>
          <button type="button"
                  class="btn btn--flat btn--floating"
          >
            <div class="btn__content">
              16
            </div>
          </button>
        </td>
        <td>
          <button type="button"
                  class="btn btn--flat btn--floating"
          >
            <div class="btn__content">
              17
            </div>
          </button>
        </td>
        <td>
          <button type="button"
                  class="btn btn--flat btn--floating"
          >
            <div class="btn__content">
              18
            </div>
          </button>
        </td>
        <td>
          <button type="button"
                  class="btn btn--flat btn--floating"
          >
            <div class="btn__content">
              19
            </div>
          </button>
        </td>
        <td>
          <button type="button"
                  class="btn btn--flat btn--floating"
          >
            <div class="btn__content">
              20
            </div>
          </button>
        </td>
        <td>
          <button type="button"
                  class="btn btn--flat btn--floating"
          >
            <div class="btn__content">
              21
            </div>
          </button>
        </td>
      </tr>
      <tr>
        <td>
          <button type="button"
                  class="btn btn--flat btn--floating"
          >
            <div class="btn__content">
              22
            </div>
          </button>
        </td>
        <td>
          <button type="button"
                  class="btn btn--flat btn--floating"
          >
            <div class="btn__content">
              23
            </div>
          </button>
        </td>
        <td>
          <button type="button"
                  class="btn btn--flat btn--floating"
          >
            <div class="btn__content">
              24
            </div>
          </button>
        </td>
        <td>
          <button type="button"
                  class="btn btn--flat btn--floating"
          >
            <div class="btn__content">
              25
            </div>
          </button>
        </td>
        <td>
          <button type="button"
                  class="btn btn--flat btn--floating"
          >
            <div class="btn__content">
              26
            </div>
          </button>
        </td>
        <td>
          <button type="button"
                  class="btn btn--flat btn--floating"
          >
            <div class="btn__content">
              27
            </div>
          </button>
        </td>
        <td>
          <button type="button"
                  class="btn btn--flat btn--floating"
          >
            <div class="btn__content">
              28
            </div>
          </button>
        </td>
      </tr>
      <tr>
        <td>
          <button type="button"
                  class="btn btn--flat btn--floating"
          >
            <div class="btn__content">
              29
            </div>
          </button>
        </td>
        <td>
          <button type="button"
                  class="btn btn--flat btn--floating"
          >
            <div class="btn__content">
              30
            </div>
          </button>
        </td>
        <td>
          <button type="button"
                  class="btn btn--flat btn--floating"
          >
            <div class="btn__content">
              31
            </div>
          </button>
        </td>
      </tr>
    </tbody>
  </table>
</div>

`;

exports[`VDatePickerDateTable.js should render component with events and match snapshot 1`] = `

<div class="date-picker-table date-picker-table--date">
  <table>
    <thead>
      <tr>
        <th>
          S
        </th>
        <th>
          M
        </th>
        <th>
          T
        </th>
        <th>
          W
        </th>
        <th>
          T
        </th>
        <th>
          F
        </th>
        <th>
          S
        </th>
      </tr>
    </thead>
    <tbody>
      <tr>
        <td>
          <button type="button"
                  class="btn btn--flat btn--floating"
          >
            <div class="btn__content">
              1
            </div>
          </button>
        </td>
        <td>
          <button type="button"
                  class="btn btn--flat btn--floating"
          >
            <div class="btn__content">
              2
            </div>
          </button>
        </td>
        <td>
          <button type="button"
                  class="btn btn--flat btn--floating"
          >
            <div class="btn__content">
              3
            </div>
          </button>
          <div class="date-picker-table__event red">
          </div>
        </td>
        <td>
          <button type="button"
                  class="btn btn--flat btn--floating"
          >
            <div class="btn__content">
              4
            </div>
          </button>
        </td>
        <td>
          <button type="button"
                  class="btn btn--flat btn--floating"
          >
            <div class="btn__content">
              5
            </div>
          </button>
        </td>
        <td>
          <button type="button"
                  class="btn btn--flat btn--floating"
          >
            <div class="btn__content">
              6
            </div>
          </button>
        </td>
        <td>
          <button type="button"
                  class="btn btn--flat btn--floating"
          >
            <div class="btn__content">
              7
            </div>
          </button>
        </td>
      </tr>
      <tr>
        <td>
          <button type="button"
                  class="btn btn--flat btn--floating"
          >
            <div class="btn__content">
              8
            </div>
          </button>
        </td>
        <td>
          <button type="button"
                  class="btn btn--flat btn--floating"
          >
            <div class="btn__content">
              9
            </div>
          </button>
        </td>
        <td>
          <button type="button"
                  class="btn btn--flat btn--floating"
          >
            <div class="btn__content">
              10
            </div>
          </button>
        </td>
        <td>
          <button type="button"
                  class="btn btn--flat btn--floating"
          >
            <div class="btn__content">
              11
            </div>
          </button>
        </td>
        <td>
          <button type="button"
                  class="btn btn--flat btn--floating"
          >
            <div class="btn__content">
              12
            </div>
          </button>
        </td>
        <td>
          <button type="button"
                  class="btn btn--flat btn--floating"
          >
            <div class="btn__content">
              13
            </div>
          </button>
        </td>
        <td>
          <button type="button"
                  class="btn btn--flat btn--floating"
          >
            <div class="btn__content">
              14
            </div>
          </button>
        </td>
      </tr>
      <tr>
        <td>
          <button type="button"
                  class="btn btn--flat btn--floating"
          >
            <div class="btn__content">
              15
            </div>
          </button>
        </td>
        <td>
          <button type="button"
                  class="btn btn--flat btn--floating"
          >
            <div class="btn__content">
              16
            </div>
          </button>
        </td>
        <td>
          <button type="button"
                  class="btn btn--flat btn--floating"
          >
            <div class="btn__content">
              17
            </div>
          </button>
        </td>
        <td>
          <button type="button"
                  class="btn btn--flat btn--floating"
          >
            <div class="btn__content">
              18
            </div>
          </button>
        </td>
        <td>
          <button type="button"
                  class="btn btn--flat btn--floating"
          >
            <div class="btn__content">
              19
            </div>
          </button>
        </td>
        <td>
          <button type="button"
                  class="btn btn--flat btn--floating"
          >
            <div class="btn__content">
              20
            </div>
          </button>
        </td>
        <td>
          <button type="button"
                  class="btn btn--flat btn--floating"
          >
            <div class="btn__content">
              21
            </div>
          </button>
        </td>
      </tr>
      <tr>
        <td>
          <button type="button"
                  class="btn btn--flat btn--floating"
          >
            <div class="btn__content">
              22
            </div>
          </button>
        </td>
        <td>
          <button type="button"
                  class="btn btn--flat btn--floating"
          >
            <div class="btn__content">
              23
            </div>
          </button>
        </td>
        <td>
          <button type="button"
                  class="btn btn--flat btn--floating"
          >
            <div class="btn__content">
              24
            </div>
          </button>
        </td>
        <td>
          <button type="button"
                  class="btn btn--flat btn--floating"
          >
            <div class="btn__content">
              25
            </div>
          </button>
        </td>
        <td>
          <button type="button"
                  class="btn btn--flat btn--floating"
          >
            <div class="btn__content">
              26
            </div>
          </button>
        </td>
        <td>
          <button type="button"
                  class="btn btn--flat btn--floating"
          >
            <div class="btn__content">
              27
            </div>
          </button>
        </td>
        <td>
          <button type="button"
                  class="btn btn--flat btn--floating"
          >
            <div class="btn__content">
              28
            </div>
          </button>
        </td>
      </tr>
      <tr>
        <td>
          <button type="button"
                  class="btn btn--flat btn--floating"
          >
            <div class="btn__content">
              29
            </div>
          </button>
        </td>
        <td>
          <button type="button"
                  class="btn btn--flat btn--floating"
          >
            <div class="btn__content">
              30
            </div>
          </button>
        </td>
        <td>
          <button type="button"
                  class="btn btn--flat btn--floating"
          >
            <div class="btn__content">
              31
            </div>
          </button>
        </td>
      </tr>
    </tbody>
  </table>
</div>

`;

exports[`VDatePickerDateTable.js should render component with events colored by object and match snapshot 1`] = `

<div class="date-picker-table date-picker-table--date">
  <table>
    <thead>
      <tr>
        <th>
          S
        </th>
        <th>
          M
        </th>
        <th>
          T
        </th>
        <th>
          W
        </th>
        <th>
          T
        </th>
        <th>
          F
        </th>
        <th>
          S
        </th>
      </tr>
    </thead>
    <tbody>
      <tr>
        <td>
          <button type="button"
                  class="btn btn--flat btn--floating"
          >
            <div class="btn__content">
              1
            </div>
          </button>
        </td>
        <td>
          <button type="button"
                  class="btn btn--flat btn--floating"
          >
            <div class="btn__content">
              2
            </div>
          </button>
        </td>
        <td>
          <button type="button"
                  class="btn btn--flat btn--floating"
          >
            <div class="btn__content">
              3
            </div>
          </button>
          <div class="date-picker-table__event red">
          </div>
        </td>
        <td>
          <button type="button"
                  class="btn btn--flat btn--floating"
          >
            <div class="btn__content">
              4
            </div>
          </button>
          <div class="date-picker-table__event blue lighten-1">
          </div>
        </td>
        <td>
          <button type="button"
                  class="btn btn--flat btn--floating"
          >
            <div class="btn__content">
              5
            </div>
          </button>
        </td>
        <td>
          <button type="button"
                  class="btn btn--flat btn--floating"
          >
            <div class="btn__content">
              6
            </div>
          </button>
        </td>
        <td>
          <button type="button"
                  class="btn btn--flat btn--floating"
          >
            <div class="btn__content">
              7
            </div>
          </button>
        </td>
      </tr>
      <tr>
        <td>
          <button type="button"
                  class="btn btn--flat btn--floating"
          >
            <div class="btn__content">
              8
            </div>
          </button>
        </td>
        <td>
          <button type="button"
                  class="btn btn--flat btn--floating"
          >
            <div class="btn__content">
              9
            </div>
          </button>
        </td>
        <td>
          <button type="button"
                  class="btn btn--flat btn--floating"
          >
            <div class="btn__content">
              10
            </div>
          </button>
        </td>
        <td>
          <button type="button"
                  class="btn btn--flat btn--floating"
          >
            <div class="btn__content">
              11
            </div>
          </button>
        </td>
        <td>
          <button type="button"
                  class="btn btn--flat btn--floating"
          >
            <div class="btn__content">
              12
            </div>
          </button>
        </td>
        <td>
          <button type="button"
                  class="btn btn--flat btn--floating"
          >
            <div class="btn__content">
              13
            </div>
          </button>
        </td>
        <td>
          <button type="button"
                  class="btn btn--flat btn--floating"
          >
            <div class="btn__content">
              14
            </div>
          </button>
        </td>
      </tr>
      <tr>
        <td>
          <button type="button"
                  class="btn btn--flat btn--floating"
          >
            <div class="btn__content">
              15
            </div>
          </button>
        </td>
        <td>
          <button type="button"
                  class="btn btn--flat btn--floating"
          >
            <div class="btn__content">
              16
            </div>
          </button>
        </td>
        <td>
          <button type="button"
                  class="btn btn--flat btn--floating"
          >
            <div class="btn__content">
              17
            </div>
          </button>
        </td>
        <td>
          <button type="button"
                  class="btn btn--flat btn--floating"
          >
            <div class="btn__content">
              18
            </div>
          </button>
        </td>
        <td>
          <button type="button"
                  class="btn btn--flat btn--floating"
          >
            <div class="btn__content">
              19
            </div>
          </button>
        </td>
        <td>
          <button type="button"
                  class="btn btn--flat btn--floating"
          >
            <div class="btn__content">
              20
            </div>
          </button>
        </td>
        <td>
          <button type="button"
                  class="btn btn--flat btn--floating"
          >
            <div class="btn__content">
              21
            </div>
          </button>
        </td>
      </tr>
      <tr>
        <td>
          <button type="button"
                  class="btn btn--flat btn--floating"
          >
            <div class="btn__content">
              22
            </div>
          </button>
        </td>
        <td>
          <button type="button"
                  class="btn btn--flat btn--floating"
          >
            <div class="btn__content">
              23
            </div>
          </button>
        </td>
        <td>
          <button type="button"
                  class="btn btn--flat btn--floating"
          >
            <div class="btn__content">
              24
            </div>
          </button>
        </td>
        <td>
          <button type="button"
                  class="btn btn--flat btn--floating"
          >
            <div class="btn__content">
              25
            </div>
          </button>
        </td>
        <td>
          <button type="button"
                  class="btn btn--flat btn--floating"
          >
            <div class="btn__content">
              26
            </div>
          </button>
        </td>
        <td>
          <button type="button"
                  class="btn btn--flat btn--floating"
          >
            <div class="btn__content">
              27
            </div>
          </button>
        </td>
        <td>
          <button type="button"
                  class="btn btn--flat btn--floating"
          >
            <div class="btn__content">
              28
            </div>
          </button>
        </td>
      </tr>
      <tr>
        <td>
          <button type="button"
                  class="btn btn--flat btn--floating"
          >
            <div class="btn__content">
              29
            </div>
          </button>
        </td>
        <td>
          <button type="button"
                  class="btn btn--flat btn--floating"
          >
            <div class="btn__content">
              30
            </div>
          </button>
        </td>
        <td>
          <button type="button"
                  class="btn btn--flat btn--floating"
          >
            <div class="btn__content">
              31
            </div>
          </button>
        </td>
      </tr>
    </tbody>
  </table>
</div>

`;

exports[`VDatePickerDateTable.js should render component with events colored by object and match snapshot 2`] = `

<div class="date-picker-table date-picker-table--date">
  <table>
    <thead>
      <tr>
        <th>
          S
        </th>
        <th>
          M
        </th>
        <th>
          T
        </th>
        <th>
          W
        </th>
        <th>
          T
        </th>
        <th>
          F
        </th>
        <th>
          S
        </th>
      </tr>
    </thead>
    <tbody>
      <tr>
        <td>
          <button type="button"
                  class="btn btn--flat btn--floating"
          >
            <div class="btn__content">
              1
            </div>
          </button>
        </td>
        <td>
          <button type="button"
                  class="btn btn--flat btn--floating"
          >
            <div class="btn__content">
              2
            </div>
          </button>
        </td>
        <td>
          <button type="button"
                  class="btn btn--flat btn--floating"
          >
            <div class="btn__content">
              3
            </div>
          </button>
          <div class="date-picker-table__event red">
          </div>
        </td>
        <td>
          <button type="button"
                  class="btn btn--flat btn--floating"
          >
            <div class="btn__content">
              4
            </div>
          </button>
          <div class="date-picker-table__event accent">
          </div>
        </td>
        <td>
          <button type="button"
                  class="btn btn--flat btn--floating"
          >
            <div class="btn__content">
              5
            </div>
          </button>
        </td>
        <td>
          <button type="button"
                  class="btn btn--flat btn--floating"
          >
            <div class="btn__content">
              6
            </div>
          </button>
        </td>
        <td>
          <button type="button"
                  class="btn btn--flat btn--floating"
          >
            <div class="btn__content">
              7
            </div>
          </button>
        </td>
      </tr>
      <tr>
        <td>
          <button type="button"
                  class="btn btn--flat btn--floating"
          >
            <div class="btn__content">
              8
            </div>
          </button>
        </td>
        <td>
          <button type="button"
                  class="btn btn--flat btn--floating"
          >
            <div class="btn__content">
              9
            </div>
          </button>
        </td>
        <td>
          <button type="button"
                  class="btn btn--flat btn--floating"
          >
            <div class="btn__content">
              10
            </div>
          </button>
        </td>
        <td>
          <button type="button"
                  class="btn btn--flat btn--floating"
          >
            <div class="btn__content">
              11
            </div>
          </button>
        </td>
        <td>
          <button type="button"
                  class="btn btn--flat btn--floating"
          >
            <div class="btn__content">
              12
            </div>
          </button>
        </td>
        <td>
          <button type="button"
                  class="btn btn--flat btn--floating"
          >
            <div class="btn__content">
              13
            </div>
          </button>
        </td>
        <td>
          <button type="button"
                  class="btn btn--flat btn--floating"
          >
            <div class="btn__content">
              14
            </div>
          </button>
        </td>
      </tr>
      <tr>
        <td>
          <button type="button"
                  class="btn btn--flat btn--floating"
          >
            <div class="btn__content">
              15
            </div>
          </button>
        </td>
        <td>
          <button type="button"
                  class="btn btn--flat btn--floating"
          >
            <div class="btn__content">
              16
            </div>
          </button>
        </td>
        <td>
          <button type="button"
                  class="btn btn--flat btn--floating"
          >
            <div class="btn__content">
              17
            </div>
          </button>
        </td>
        <td>
          <button type="button"
                  class="btn btn--flat btn--floating"
          >
            <div class="btn__content">
              18
            </div>
          </button>
        </td>
        <td>
          <button type="button"
                  class="btn btn--flat btn--floating"
          >
            <div class="btn__content">
              19
            </div>
          </button>
        </td>
        <td>
          <button type="button"
                  class="btn btn--flat btn--floating"
          >
            <div class="btn__content">
              20
            </div>
          </button>
        </td>
        <td>
          <button type="button"
                  class="btn btn--flat btn--floating"
          >
            <div class="btn__content">
              21
            </div>
          </button>
        </td>
      </tr>
      <tr>
        <td>
          <button type="button"
                  class="btn btn--flat btn--floating"
          >
            <div class="btn__content">
              22
            </div>
          </button>
        </td>
        <td>
          <button type="button"
                  class="btn btn--flat btn--floating"
          >
            <div class="btn__content">
              23
            </div>
          </button>
        </td>
        <td>
          <button type="button"
                  class="btn btn--flat btn--floating"
          >
            <div class="btn__content">
              24
            </div>
          </button>
        </td>
        <td>
          <button type="button"
                  class="btn btn--flat btn--floating"
          >
            <div class="btn__content">
              25
            </div>
          </button>
        </td>
        <td>
          <button type="button"
                  class="btn btn--flat btn--floating"
          >
            <div class="btn__content">
              26
            </div>
          </button>
        </td>
        <td>
          <button type="button"
                  class="btn btn--flat btn--floating"
          >
            <div class="btn__content">
              27
            </div>
          </button>
        </td>
        <td>
          <button type="button"
                  class="btn btn--flat btn--floating"
          >
            <div class="btn__content">
              28
            </div>
          </button>
        </td>
      </tr>
      <tr>
        <td>
          <button type="button"
                  class="btn btn--flat btn--floating"
          >
            <div class="btn__content">
              29
            </div>
          </button>
        </td>
        <td>
          <button type="button"
                  class="btn btn--flat btn--floating"
          >
            <div class="btn__content">
              30
            </div>
          </button>
        </td>
        <td>
          <button type="button"
                  class="btn btn--flat btn--floating"
          >
            <div class="btn__content">
              31
            </div>
          </button>
        </td>
      </tr>
    </tbody>
  </table>
</div>

`;
