// Jest Snapshot v1, https://goo.gl/fbAQLP

exports[`Chip.js should have a chip class 1`] = `

<span tabindex="-1"
      class="chip"
>
</span>

`;
