// Jest Snapshot v1, https://goo.gl/fbAQLP

exports[`VTimePickerClock.js should render component 1`] = `

<div class="time-picker-clock"
     style="width: 280px; height: 280px;"
>
  <div class="time-picker-clock__hand accent">
  </div>
  <span class="disabled">
    <span>
      00
    </span>
  </span>
  <span class>
    <span>
      05
    </span>
  </span>
  <span class="active disabled accent">
    <span>
      10
    </span>
  </span>
  <span class>
    <span>
      15
    </span>
  </span>
  <span class="disabled">
    <span>
      20
    </span>
  </span>
  <span class>
    <span>
      25
    </span>
  </span>
  <span class="disabled">
    <span>
      30
    </span>
  </span>
  <span class>
    <span>
      35
    </span>
  </span>
  <span class="disabled">
    <span>
      40
    </span>
  </span>
  <span class>
    <span>
      45
    </span>
  </span>
  <span class="disabled">
    <span>
      50
    </span>
  </span>
  <span class>
    <span>
      55
    </span>
  </span>
</div>

`;

exports[`VTimePickerClock.js should render component with double prop 1`] = `

<div class="time-picker-clock"
     style="width: 280px; height: 280px;"
>
  <div class="time-picker-clock__hand accent">
  </div>
  <span class="disabled">
    <span>
      00
    </span>
  </span>
  <span class>
    <span>
      05
    </span>
  </span>
  <span class="active disabled accent">
    <span>
      10
    </span>
  </span>
  <span class>
    <span>
      15
    </span>
  </span>
  <span class="disabled">
    <span>
      20
    </span>
  </span>
  <span class>
    <span>
      25
    </span>
  </span>
  <span class="disabled">
    <span>
      30
    </span>
  </span>
  <span class>
    <span>
      35
    </span>
  </span>
  <span class="disabled">
    <span>
      40
    </span>
  </span>
  <span class>
    <span>
      45
    </span>
  </span>
  <span class="disabled">
    <span>
      50
    </span>
  </span>
  <span class>
    <span>
      55
    </span>
  </span>
</div>

`;
