// Jest Snapshot v1, https://goo.gl/fbAQLP

exports[`VOverflowBtn should use default autocomplete selections 1`] = `

<div class="v-input v-text-field v-text-field--single-line v-select v-autocomplete v-overflow-btn v-input--is-label-active v-input--is-dirty theme--light">
  <div class="v-input__control">
    <div class="v-input__slot">
      <div class="v-select__slot">
        <div class="v-select__selections">
          <div class="v-select__selection v-select__selection--comma">
            foo
          </div>
          <input autocomplete="off"
                 readonly="readonly"
                 type="text"
          >
        </div>
        <div class="v-input__append-inner">
          <div class="v-input__icon v-input__icon--append">
            <i aria-hidden="true"
               class="v-icon material-icons theme--light"
            >
              arrow_drop_down
            </i>
          </div>
        </div>
      </div>
      <div class="v-menu">
      </div>
    </div>
    <div class="v-text-field__details">
      <div class="v-messages theme--light">
        <div class="v-messages__wrapper">
        </div>
      </div>
    </div>
  </div>
</div>

`;

exports[`VOverflowBtn should use default autocomplete selections 2`] = `

<div class="v-input v-text-field v-text-field--single-line v-select v-autocomplete v-overflow-btn v-overflow-btn--segmented v-input--is-label-active v-input--is-dirty theme--light">
  <div class="v-input__control">
    <div class="v-input__slot">
      <div class="v-select__slot">
        <div class="v-select__selections">
          <button type="button"
                  class="v-btn v-btn--flat v-btn--text theme--light v-size--default"
          >
            <span class="v-btn__content">
              foo
            </span>
          </button>
          <input autocomplete="off"
                 readonly="readonly"
                 type="text"
          >
        </div>
        <div class="v-input__append-inner">
          <div class="v-input__icon v-input__icon--append">
            <i aria-hidden="true"
               class="v-icon material-icons theme--light"
            >
              arrow_drop_down
            </i>
          </div>
        </div>
      </div>
      <div class="v-menu">
      </div>
    </div>
    <div class="v-text-field__details">
      <div class="v-messages theme--light">
        <div class="v-messages__wrapper">
        </div>
      </div>
    </div>
  </div>
</div>

`;
